---
source: crates/rcc_driver/tests/emit_tokens.rs
---
1:1-1:2  Punct.Hash  #
1:2-1:9  Ident  include
1:10-1:11  Punct.Lt  <
1:11-1:16  Ident  stdio
1:16-1:17  Punct.Dot  .
1:17-1:18  Ident  h
1:18-1:19  Punct.Gt  >
1:19-2:1  Newline  \n
2:1-3:1  Newline  \n
3:1-3:4  Ident  int
3:5-3:9  Ident  main
3:9-3:10  Punct.LParen  (
3:10-3:14  Ident  void
3:14-3:15  Punct.RParen  )
3:16-3:17  Punct.LBrace  {
3:17-4:1  Newline  \n
4:5-4:11  Ident  printf
4:11-4:12  Punct.LParen  (
4:12-4:29  StringLit.None  "Hello, world!\\n"
4:29-4:30  Punct.RParen  )
4:30-4:31  Punct.Semi  ;
4:31-5:1  Newline  \n
5:5-5:11  Ident  return
5:12-5:13  PpNumber.Integer  0
5:13-5:14  Punct.Semi  ;
5:14-6:1  Newline  \n
6:1-6:2  Punct.RBrace  }
6:2-7:1  Newline  \n
