---
source: crates/rcc_driver/tests/emit_tokens.rs
---
1:1-1:2  Ident  a
1:2-1:3  Punct.LBracket  [
1:3-1:4  Ident  b
1:4-1:5  Punct.RBracket  ]
1:5-1:6  Punct.Dot  .
1:6-1:7  Ident  c
1:7-1:9  Punct.Arrow  ->
1:9-1:10  Ident  d
1:10-1:11  Punct.Semi  ;
1:12-1:13  Ident  x
1:13-1:15  Punct.PlusPlus  ++
1:16-1:18  Punct.MinusMinus  --
1:18-1:19  Ident  y
1:19-1:20  Punct.Semi  ;
1:21-1:22  Ident  a
1:22-1:23  Punct.Plus  +
1:23-1:24  Ident  b
1:24-1:25  Punct.Minus  -
1:25-1:26  Ident  c
1:26-1:27  Punct.Star  *
1:27-1:28  Ident  d
1:28-1:29  Punct.Slash  /
1:29-1:30  Ident  e
1:30-1:31  Punct.Percent  %
1:31-1:32  Ident  f
1:32-1:34  Punct.ShlShl  <<
1:34-1:35  Ident  g
1:35-1:37  Punct.ShrShr  >>
1:37-1:38  Ident  h
1:38-1:39  Punct.Semi  ;
1:39-2:1  Newline  \n
2:1-2:2  Ident  a
2:2-2:3  Punct.Lt  <
2:3-2:4  Ident  b
2:4-2:5  Punct.Gt  >
2:5-2:6  Ident  c
2:6-2:8  Punct.Le  <=
2:8-2:9  Ident  d
2:9-2:11  Punct.Ge  >=
2:11-2:12  Ident  e
2:12-2:14  Punct.EqEq  ==
2:14-2:15  Ident  f
2:15-2:17  Punct.BangEq  !=
2:17-2:18  Ident  g
2:19-2:21  Punct.AmpAmp  &&
2:22-2:23  Ident  h
2:23-2:25  Punct.PipePipe  ||
2:25-2:26  Ident  i
2:26-2:27  Punct.Question  ?
2:27-2:28  Ident  j
2:28-2:29  Punct.Colon  :
2:29-2:30  Ident  k
2:30-2:31  Punct.Semi  ;
2:31-3:1  Newline  \n
3:1-3:2  Ident  x
3:2-3:3  Punct.Eq  =
3:3-3:4  PpNumber.Integer  1
3:4-3:5  Punct.Semi  ;
3:6-3:7  Ident  y
3:7-3:9  Punct.PlusEq  +=
3:9-3:10  PpNumber.Integer  2
3:10-3:11  Punct.Semi  ;
3:12-3:13  Ident  z
3:13-3:16  Punct.ShlEq  <<=
3:16-3:17  PpNumber.Integer  3
3:17-3:18  Punct.Semi  ;
3:19-3:20  Ident  w
3:20-3:23  Punct.ShrEq  >>=
3:23-3:24  PpNumber.Integer  4
3:24-3:25  Punct.Semi  ;
3:26-3:27  Ident  a
3:27-3:29  Punct.AmpEq  &=
3:29-3:30  Ident  b
3:30-3:32  Punct.CaretEq  ^=
3:32-3:33  Ident  c
3:33-3:35  Punct.PipeEq  |=
3:35-3:36  Ident  d
3:36-3:37  Punct.Semi  ;
3:37-4:1  Newline  \n
4:1-4:2  Punct.Hash  #
4:2-4:8  Ident  define
4:9-4:10  Ident  F
4:10-4:11  Punct.LParen  (
4:11-4:14  Punct.Ellipsis  ...
4:14-4:15  Punct.RParen  )
4:16-4:27  Ident  __VA_ARGS__
4:27-5:1  Newline  \n
